/*C13*/SET SCHEMA PUBLIC
INSERT INTO SCORECARD VALUES(82,4,3,4,4,3,4,3,3,4,3,4,4,4,4,4,4,4,4,0.0E0,23,42)
ALTER SEQUENCE PUBLIC.SEQUENCE RESTART WITH 101
COMMIT
DELETE FROM SCORECARD WHERE ID=52
INSERT INTO SCORECARD VALUES(52,4,4,4,4,4,4,4,4,4,4,4,4,4,4,4,4,4,4,8.88E0,22,42)
COMMIT
DELETE FROM SCORECARD WHERE ID=82
INSERT INTO SCORECARD VALUES(82,4,3,4,4,3,4,3,3,4,3,4,4,4,4,4,4,4,4,31.11E0,23,42)
COMMIT
DELETE FROM SCORECARD WHERE ID=52
INSERT INTO SCORECARD VALUES(52,6,6,6,6,2,6,6,6,6,6,6,6,6,6,6,6,6,6,0.0E0,22,42)
COMMIT
DELETE FROM SCORECARD WHERE ID=82
INSERT INTO SCORECARD VALUES(82,4,3,4,4,3,4,3,3,4,3,4,4,4,4,4,4,4,4,37.77E0,23,42)
COMMIT
DELETE FROM SCORECARD WHERE ID=52
INSERT INTO SCORECARD VALUES(52,6,6,6,6,2,6,6,6,6,6,6,6,6,6,6,6,6,6,2.22E0,22,42)
COMMIT
INSERT INTO PLAYER VALUES(92,'','tom',4.0E0,'wats')
ALTER SEQUENCE PUBLIC.SEQUENCE RESTART WITH 111
COMMIT
DELETE FROM SCORECARD WHERE ID=52
INSERT INTO SCORECARD VALUES(52,4,5,4,3,4,5,3,4,5,4,3,4,3,4,5,4,3,4,0.0E0,22,42)
COMMIT
DELETE FROM SCORECARD WHERE ID=82
INSERT INTO SCORECARD VALUES(82,4,3,4,4,3,4,3,3,4,3,4,4,4,4,4,4,4,4,24.0E0,23,42)
COMMIT
DELETE FROM SCORECARD WHERE ID=52
INSERT INTO SCORECARD VALUES(52,4,5,4,3,4,5,3,4,5,4,3,4,3,4,5,4,3,4,16.0E0,22,42)
COMMIT
INSERT INTO SCORECARD VALUES(83,6,6,5,4,3,2,5,3,2,5,5,4,6,5,4,6,5,4,0.0E0,92,42)
COMMIT
DELETE FROM SCORECARD WHERE ID=82
INSERT INTO SCORECARD VALUES(82,4,3,4,4,3,4,3,3,4,3,4,4,4,4,4,4,4,4,20.0E0,23,42)
COMMIT
DELETE FROM SCORECARD WHERE ID=52
INSERT INTO SCORECARD VALUES(52,4,5,4,3,4,5,3,4,5,4,3,4,3,4,5,4,3,4,26.92E0,22,42)
COMMIT
DELETE FROM SCORECARD WHERE ID=83
INSERT INTO SCORECARD VALUES(83,6,6,5,4,3,2,5,3,2,5,5,4,6,5,4,6,5,4,13.07E0,92,42)
COMMIT
DISCONNECT
/*C14*/SET SCHEMA PUBLIC
DISCONNECT
/*C15*/SET SCHEMA PUBLIC
DISCONNECT
/*C16*/SET SCHEMA PUBLIC
DISCONNECT
/*C17*/SET SCHEMA PUBLIC
DISCONNECT
/*C18*/SET SCHEMA PUBLIC
DISCONNECT
/*C19*/SET SCHEMA PUBLIC
DISCONNECT
/*C20*/SET SCHEMA PUBLIC
DISCONNECT
/*C21*/SET SCHEMA PUBLIC
DISCONNECT
/*C22*/SET SCHEMA PUBLIC
DISCONNECT
